******************************************************************************
                  TI ARM Linker Unix v18.12.2                  
******************************************************************************
>> Linked Mon Dec  9 15:11:09 2019

OUTPUT FILE NAME:   <ecen2440_project.out>
ENTRY POINT SYMBOL: "_c_int00_noargs"  address: 00001aa1


MEMORY CONFIGURATION

         name            origin    length      used     unused   attr    fill
----------------------  --------  ---------  --------  --------  ----  --------
  MAIN                  00000000   00040000  00001c18  0003e3e8  R  X
  INFO                  00200000   00004000  00000000  00004000  R  X
  SRAM_CODE             01000000   00010000  00000318  0000fce8  RW X
  SRAM_DATA             20000000   00010000  00000318  0000fce8  RW  


SEGMENT ALLOCATION MAP

run origin  load origin   length   init length attrs members
----------  ----------- ---------- ----------- ----- -------
00000000    00000000    00001c18   00001c18    r-x
  00000000    00000000    000000e4   000000e4    r-- .intvecs
  000000e4    000000e4    00001a54   00001a54    r-x .text
  00001b38    00001b38    00000090   00000090    r-- .const
  00001bc8    00001bc8    00000050   00000050    r-- .cinit
20000000    20000000    00000118   00000000    rw-
  20000000    20000000    000000e8   00000000    rw- .vtable
  200000e8    200000e8    00000028   00000000    rw- .data
  20000110    20000110    00000008   00000000    rw- .bss
2000fe00    2000fe00    00000200   00000000    rw-
  2000fe00    2000fe00    00000200   00000000    rw- .stack


SECTION ALLOCATION MAP

 output                                  attributes/
section   page    origin      length       input sections
--------  ----  ----------  ----------   ----------------
.intvecs   0    00000000    000000e4     
                  00000000    000000e4     startup_msp432p401r_ccs.obj (.intvecs:retain)

.text      0    000000e4    00001a54     
                  000000e4    00000c60     cs.obj (.text)
                  00000d44    000003f0     interrupt.obj (.text)
                  00001134    00000334     system_msp432p401r.obj (.text)
                  00001468    00000248     sysctl.obj (.text)
                  000016b0    000001a4     voltageToAudio.obj (.text)
                  00001854    000000c4     UARTDriver.obj (.text)
                  00001918    0000009c     rtsv7M4_T_le_v4SPD16_eabi.lib : memcpy_t2.asm.obj (.text)
                  000019b4    00000068                                   : copy_decompress_lzss.c.obj (.text:decompress:lzss:__TI_decompress_lzss)
                  00001a1c    00000044                                   : autoinit.c.obj (.text:__TI_auto_init_nobinit_nopinit:__TI_auto_init_nobinit_nopinit)
                  00001a60    0000003e     cpu.obj (.text)
                  00001a9e    00000002     --HOLE-- [fill = 0]
                  00001aa0    00000034     rtsv7M4_T_le_v4SPD16_eabi.lib : boot_cortex_m.c.obj (.text:_c_int00_noargs:_c_int00_noargs)
                  00001ad4    00000024     main.obj (.text)
                  00001af8    0000001c     rtsv7M4_T_le_v4SPD16_eabi.lib : copy_zero_init.c.obj (.text:decompress:ZI:__TI_zero_init_nomemset:__TI_zero_init_nomemset)
                  00001b14    0000000e                                   : copy_decompress_none.c.obj (.text:decompress:none:__TI_decompress_none)
                  00001b22    0000000e     startup_msp432p401r_ccs.obj (.text)
                  00001b30    00000004     rtsv7M4_T_le_v4SPD16_eabi.lib : pre_init.c.obj (.text:_system_pre_init)
                  00001b34    00000004                                   : exit.c.obj (.text:abort:abort)

.const     0    00001b38    00000090     
                  00001b38    00000050     interrupt.obj (.const:g_pulRegs)
                  00001b88    00000020     interrupt.obj (.const:g_pulPriority)
                  00001ba8    00000008     interrupt.obj (.const:g_pulDisRegs)
                  00001bb0    00000008     interrupt.obj (.const:g_pulEnRegs)
                  00001bb8    00000008     interrupt.obj (.const:g_pulPendRegs)
                  00001bc0    00000008     interrupt.obj (.const:g_pulUnpendRegs)

.cinit     0    00001bc8    00000050     
                  00001bc8    00000019     (.cinit..data.load) [load image, compression = lzss]
                  00001be1    00000003     --HOLE-- [fill = 0]
                  00001be4    0000000c     (__TI_handler_table)
                  00001bf0    00000008     (.cinit..bss.load) [load image, compression = zero_init]
                  00001bf8    00000008     (.cinit..vtable.load) [load image, compression = zero_init]
                  00001c00    00000018     (__TI_cinit_table)

.init_array 
*          0    00000000    00000000     UNINITIALIZED

.binit     0    00000000    00000000     

.vtable    0    20000000    000000e8     UNINITIALIZED
                  20000000    000000e8     interrupt.obj (.vtable)

.data      0    200000e8    00000028     UNINITIALIZED
                  200000e8    00000024     UARTDriver.obj (.data:uartConfig)
                  2000010c    00000004     system_msp432p401r.obj (.data)

.bss       0    20000110    00000008     UNINITIALIZED
                  20000110    00000008     cs.obj (.bss)

.stack     0    2000fe00    00000200     UNINITIALIZED
                  2000fe00    00000004     rtsv7M4_T_le_v4SPD16_eabi.lib : boot_cortex_m.c.obj (.stack)
                  2000fe04    000001fc     --HOLE--

MODULE SUMMARY

       Module                        code   ro data   rw data
       ------                        ----   -------   -------
    ./
       system_msp432p401r.obj        820    0         8      
       voltageToAudio.obj            420    0         0      
       UARTDriver.obj                196    0         72     
       startup_msp432p401r_ccs.obj   14     228       0      
       main.obj                      36     0         0      
    +--+-----------------------------+------+---------+---------+
       Total:                        1486   228       80     
                                                             
    ./driverlib/
       cs.obj                        3168   0         16     
       interrupt.obj                 1008   144       464    
       sysctl.obj                    584    0         0      
       cpu.obj                       62     0         0      
    +--+-----------------------------+------+---------+---------+
       Total:                        4822   144       480    
                                                             
    /Applications/ccs/tools/compiler/ti-cgt-arm_18.12.2.LTS/lib/rtsv7M4_T_le_v4SPD16_eabi.lib
       memcpy_t2.asm.obj             156    0         0      
       copy_decompress_lzss.c.obj    104    0         0      
       autoinit.c.obj                68     0         0      
       boot_cortex_m.c.obj           52     0         0      
       copy_zero_init.c.obj          28     0         0      
       copy_decompress_none.c.obj    14     0         0      
       exit.c.obj                    4      0         0      
       pre_init.c.obj                4      0         0      
    +--+-----------------------------+------+---------+---------+
       Total:                        430    0         0      
                                                             
       Stack:                        0      0         1024   
       Linker Generated:             0      77        0      
    +--+-----------------------------+------+---------+---------+
       Grand Total:                  6738   449       1584   


LINKER GENERATED COPY TABLES

__TI_cinit_table @ 00001c00 records: 3, size/record: 8, table size: 24
	.data: load addr=00001bc8, load size=00000019 bytes, run addr=200000e8, run size=00000028 bytes, compression=lzss
	.bss: load addr=00001bf0, load size=00000008 bytes, run addr=20000110, run size=00000008 bytes, compression=zero_init
	.vtable: load addr=00001bf8, load size=00000008 bytes, run addr=20000000, run size=000000e8 bytes, compression=zero_init


LINKER GENERATED HANDLER TABLE

__TI_handler_table @ 00001be4 records: 3, size/record: 4, table size: 12
	index: 0, handler: __TI_zero_init
	index: 1, handler: __TI_decompress_lzss
	index: 2, handler: __TI_decompress_none


GLOBAL SYMBOLS: SORTED ALPHABETICALLY BY Name 

address   name                                   
-------   ----                                   
00001735  ADC14_IRQHandler                       
00001735  ADC14_IRQHandler                       
00001b2f  AES256_IRQHandler                      
00001b2f  BusFault_Handler                       
00001b35  C$$EXIT                                
00001b2f  COMP_E0_IRQHandler                     
00001b2f  COMP_E1_IRQHandler                     
00001a95  CPU_basepriGet                         
00001a87  CPU_basepriSet                         
00001a61  CPU_cpsid                              
00001a77  CPU_cpsie                              
00001a6d  CPU_primask                            
00001a83  CPU_wfi                                
00001b2f  CS_IRQHandler                          
00000cb9  CS_clearInterruptFlag                  
0000068d  CS_disableClockRequest                 
0000076b  CS_disableDCOExternalResistor          
00000ba1  CS_disableFaultCounter                 
00000c69  CS_disableInterrupt                    
00000665  CS_enableClockRequest                  
000006d5  CS_enableDCOExternalResistor           
00000b75  CS_enableFaultCounter                  
00000c3d  CS_enableInterrupt                     
00000b07  CS_getACLK                             
00000ac7  CS_getBCLK                             
00000849  CS_getDCOFrequency                     
00000c99  CS_getEnabledInterruptStatus           
00000ae3  CS_getHSMCLK                           
00000c8b  CS_getInterruptStatus                  
00000b4d  CS_getMCLK                             
00000b2b  CS_getSMCLK                            
00000385  CS_initClockSignal                     
00000ce5  CS_registerInterrupt                   
00000bcd  CS_resetFaultCounter                   
00000789  CS_setDCOCenteredFrequency             
000006fd  CS_setDCOExternalResistorCalibration   
00000965  CS_setDCOFrequency                     
00000349  CS_setExternalClockSourceFrequency     
000006af  CS_setReferenceOscillatorFrequency     
00000bf9  CS_startFaultCounter                   
00000489  CS_startHFXT                           
000004ad  CS_startHFXTWithTimeout                
00000571  CS_startLFXT                           
00000595  CS_startLFXTWithTimeout                
000007b9  CS_tuneDCOFrequency                    
00000cfd  CS_unregisterInterrupt                 
00001b2f  DMA_ERR_IRQHandler                     
00001b2f  DMA_INT0_IRQHandler                    
00001b2f  DMA_INT1_IRQHandler                    
00001b2f  DMA_INT2_IRQHandler                    
00001b2f  DMA_INT3_IRQHandler                    
00001b2f  DebugMon_Handler                       
00001b2f  Default_Handler                        
000018c7  EUSCIA0_IRQHandler                     
000018c7  EUSCIA0_IRQHandler                     
00001b2f  EUSCIA1_IRQHandler                     
00001b2f  EUSCIA2_IRQHandler                     
00001b2f  EUSCIA3_IRQHandler                     
00001b2f  EUSCIB0_IRQHandler                     
00001b2f  EUSCIB1_IRQHandler                     
00001b2f  EUSCIB2_IRQHandler                     
00001b2f  EUSCIB3_IRQHandler                     
00001b2f  FLCTL_IRQHandler                       
00001b2f  FPU_IRQHandler                         
00001b2f  HardFault_Handler                      
00000f07  Interrupt_disableInterrupt             
00000d57  Interrupt_disableMaster                
00001105  Interrupt_disableSleepOnIsrExit        
00000e95  Interrupt_enableInterrupt              
00000d47  Interrupt_enableMaster                 
000010f3  Interrupt_enableSleepOnIsrExit         
00000e6f  Interrupt_getPriority                  
00000de7  Interrupt_getPriorityGrouping          
000010d3  Interrupt_getPriorityMask              
000010ed  Interrupt_getVectorTableAddress        
00000f79  Interrupt_isEnabled                    
00001005  Interrupt_pendInterrupt                
00000d67  Interrupt_registerInterrupt            
00000e1f  Interrupt_setPriority                  
00000dcd  Interrupt_setPriorityGrouping          
000010c3  Interrupt_setPriorityMask              
000010dd  Interrupt_setVectorTableAddress        
00001075  Interrupt_unpendInterrupt              
00000db9  Interrupt_unregisterInterrupt          
00001b2f  MemManage_Handler                      
00001b2f  NMI_Handler                            
00001b2f  PCM_IRQHandler                         
00001b2f  PORT1_IRQHandler                       
00001b2f  PORT2_IRQHandler                       
00001b2f  PORT3_IRQHandler                       
00001b2f  PORT4_IRQHandler                       
00001b2f  PORT5_IRQHandler                       
00001b2f  PORT6_IRQHandler                       
00001b2f  PSS_IRQHandler                         
00001b2f  PendSV_Handler                         
00001b2f  RTC_C_IRQHandler                       
00001b23  Reset_Handler                          
00001b2f  SVC_Handler                            
0000165f  SysCtl_disableGlitchFilter             
000014eb  SysCtl_disableNMISource                
000015f7  SysCtl_disablePeripheralAtCPUHalt      
00001539  SysCtl_disableSRAMBank                 
000015bd  SysCtl_disableSRAMBankRetention        
00001653  SysCtl_enableGlitchFilter              
000014ff  SysCtl_enableNMISource                 
000015e3  SysCtl_enablePeripheralAtCPUHalt       
0000151d  SysCtl_enableSRAMBank                  
000015a1  SysCtl_enableSRAMBankRetention         
000014e5  SysCtl_getFlashSize                    
00001513  SysCtl_getNMISourceStatus              
000014df  SysCtl_getSRAMSize                     
00001469  SysCtl_getTLVInfo                      
0000166b  SysCtl_getTempCalibrationConstant      
000015d9  SysCtl_rebootDevice                    
0000162f  SysCtl_setWDTPasswordViolationResetType
0000160b  SysCtl_setWDTTimeoutResetType          
00001b2f  SysTick_Handler                        
2000010c  SystemCoreClock                        
00001135  SystemCoreClockUpdate                  
000013ad  SystemInit                             
00001b2f  T32_INT1_IRQHandler                    
00001b2f  T32_INT2_IRQHandler                    
00001b2f  T32_INTC_IRQHandler                    
00001b2f  TA0_0_IRQHandler                       
00001b2f  TA0_N_IRQHandler                       
00001b2f  TA1_0_IRQHandler                       
00001b2f  TA1_N_IRQHandler                       
00001b2f  TA2_0_IRQHandler                       
00001b2f  TA2_N_IRQHandler                       
00001b2f  TA3_0_IRQHandler                       
00001b2f  TA3_N_IRQHandler                       
00001855  UART_Config                            
00001b2f  UsageFault_Handler                     
4000480c  WDTCTL_SYM                             
00001b2f  WDT_A_IRQHandler                       
20010000  __STACK_END                            
00000200  __STACK_SIZE                           
00001c00  __TI_CINIT_Base                        
00001c18  __TI_CINIT_Limit                       
00001be4  __TI_Handler_Table_Base                
00001bf0  __TI_Handler_Table_Limit               
00001a1d  __TI_auto_init_nobinit_nopinit         
000019b5  __TI_decompress_lzss                   
00001b15  __TI_decompress_none                   
ffffffff  __TI_pprof_out_hndl                    
ffffffff  __TI_prof_data_size                    
ffffffff  __TI_prof_data_start                   
00000000  __TI_static_base__                     
00001af9  __TI_zero_init_nomemset                
00001919  __aeabi_memcpy                         
00001919  __aeabi_memcpy4                        
00001919  __aeabi_memcpy8                        
ffffffff  __binit__                              
ffffffff  __c_args__                             
UNDEFED   __mpu_init                             
2000fe00  __stack                                
00001aa1  _c_int00_noargs                        
UNDEFED   _system_post_cinit                     
00001b31  _system_pre_init                       
00001b35  abort                                  
ffffffff  binit                                  
20000000  g_pfnRAMVectors                        
00000000  interruptVectors                       
00001ad5  main                                   
00001919  memcpy                                 
000016b1  pinConfig                              
200000e8  uartConfig                             


GLOBAL SYMBOLS: SORTED BY Symbol Address 

address   name                                   
-------   ----                                   
00000000  __TI_static_base__                     
00000000  interruptVectors                       
00000200  __STACK_SIZE                           
00000349  CS_setExternalClockSourceFrequency     
00000385  CS_initClockSignal                     
00000489  CS_startHFXT                           
000004ad  CS_startHFXTWithTimeout                
00000571  CS_startLFXT                           
00000595  CS_startLFXTWithTimeout                
00000665  CS_enableClockRequest                  
0000068d  CS_disableClockRequest                 
000006af  CS_setReferenceOscillatorFrequency     
000006d5  CS_enableDCOExternalResistor           
000006fd  CS_setDCOExternalResistorCalibration   
0000076b  CS_disableDCOExternalResistor          
00000789  CS_setDCOCenteredFrequency             
000007b9  CS_tuneDCOFrequency                    
00000849  CS_getDCOFrequency                     
00000965  CS_setDCOFrequency                     
00000ac7  CS_getBCLK                             
00000ae3  CS_getHSMCLK                           
00000b07  CS_getACLK                             
00000b2b  CS_getSMCLK                            
00000b4d  CS_getMCLK                             
00000b75  CS_enableFaultCounter                  
00000ba1  CS_disableFaultCounter                 
00000bcd  CS_resetFaultCounter                   
00000bf9  CS_startFaultCounter                   
00000c3d  CS_enableInterrupt                     
00000c69  CS_disableInterrupt                    
00000c8b  CS_getInterruptStatus                  
00000c99  CS_getEnabledInterruptStatus           
00000cb9  CS_clearInterruptFlag                  
00000ce5  CS_registerInterrupt                   
00000cfd  CS_unregisterInterrupt                 
00000d47  Interrupt_enableMaster                 
00000d57  Interrupt_disableMaster                
00000d67  Interrupt_registerInterrupt            
00000db9  Interrupt_unregisterInterrupt          
00000dcd  Interrupt_setPriorityGrouping          
00000de7  Interrupt_getPriorityGrouping          
00000e1f  Interrupt_setPriority                  
00000e6f  Interrupt_getPriority                  
00000e95  Interrupt_enableInterrupt              
00000f07  Interrupt_disableInterrupt             
00000f79  Interrupt_isEnabled                    
00001005  Interrupt_pendInterrupt                
00001075  Interrupt_unpendInterrupt              
000010c3  Interrupt_setPriorityMask              
000010d3  Interrupt_getPriorityMask              
000010dd  Interrupt_setVectorTableAddress        
000010ed  Interrupt_getVectorTableAddress        
000010f3  Interrupt_enableSleepOnIsrExit         
00001105  Interrupt_disableSleepOnIsrExit        
00001135  SystemCoreClockUpdate                  
000013ad  SystemInit                             
00001469  SysCtl_getTLVInfo                      
000014df  SysCtl_getSRAMSize                     
000014e5  SysCtl_getFlashSize                    
000014eb  SysCtl_disableNMISource                
000014ff  SysCtl_enableNMISource                 
00001513  SysCtl_getNMISourceStatus              
0000151d  SysCtl_enableSRAMBank                  
00001539  SysCtl_disableSRAMBank                 
000015a1  SysCtl_enableSRAMBankRetention         
000015bd  SysCtl_disableSRAMBankRetention        
000015d9  SysCtl_rebootDevice                    
000015e3  SysCtl_enablePeripheralAtCPUHalt       
000015f7  SysCtl_disablePeripheralAtCPUHalt      
0000160b  SysCtl_setWDTTimeoutResetType          
0000162f  SysCtl_setWDTPasswordViolationResetType
00001653  SysCtl_enableGlitchFilter              
0000165f  SysCtl_disableGlitchFilter             
0000166b  SysCtl_getTempCalibrationConstant      
000016b1  pinConfig                              
00001735  ADC14_IRQHandler                       
00001735  ADC14_IRQHandler                       
00001855  UART_Config                            
000018c7  EUSCIA0_IRQHandler                     
000018c7  EUSCIA0_IRQHandler                     
00001919  __aeabi_memcpy                         
00001919  __aeabi_memcpy4                        
00001919  __aeabi_memcpy8                        
00001919  memcpy                                 
000019b5  __TI_decompress_lzss                   
00001a1d  __TI_auto_init_nobinit_nopinit         
00001a61  CPU_cpsid                              
00001a6d  CPU_primask                            
00001a77  CPU_cpsie                              
00001a83  CPU_wfi                                
00001a87  CPU_basepriSet                         
00001a95  CPU_basepriGet                         
00001aa1  _c_int00_noargs                        
00001ad5  main                                   
00001af9  __TI_zero_init_nomemset                
00001b15  __TI_decompress_none                   
00001b23  Reset_Handler                          
00001b2f  AES256_IRQHandler                      
00001b2f  BusFault_Handler                       
00001b2f  COMP_E0_IRQHandler                     
00001b2f  COMP_E1_IRQHandler                     
00001b2f  CS_IRQHandler                          
00001b2f  DMA_ERR_IRQHandler                     
00001b2f  DMA_INT0_IRQHandler                    
00001b2f  DMA_INT1_IRQHandler                    
00001b2f  DMA_INT2_IRQHandler                    
00001b2f  DMA_INT3_IRQHandler                    
00001b2f  DebugMon_Handler                       
00001b2f  Default_Handler                        
00001b2f  EUSCIA1_IRQHandler                     
00001b2f  EUSCIA2_IRQHandler                     
00001b2f  EUSCIA3_IRQHandler                     
00001b2f  EUSCIB0_IRQHandler                     
00001b2f  EUSCIB1_IRQHandler                     
00001b2f  EUSCIB2_IRQHandler                     
00001b2f  EUSCIB3_IRQHandler                     
00001b2f  FLCTL_IRQHandler                       
00001b2f  FPU_IRQHandler                         
00001b2f  HardFault_Handler                      
00001b2f  MemManage_Handler                      
00001b2f  NMI_Handler                            
00001b2f  PCM_IRQHandler                         
00001b2f  PORT1_IRQHandler                       
00001b2f  PORT2_IRQHandler                       
00001b2f  PORT3_IRQHandler                       
00001b2f  PORT4_IRQHandler                       
00001b2f  PORT5_IRQHandler                       
00001b2f  PORT6_IRQHandler                       
00001b2f  PSS_IRQHandler                         
00001b2f  PendSV_Handler                         
00001b2f  RTC_C_IRQHandler                       
00001b2f  SVC_Handler                            
00001b2f  SysTick_Handler                        
00001b2f  T32_INT1_IRQHandler                    
00001b2f  T32_INT2_IRQHandler                    
00001b2f  T32_INTC_IRQHandler                    
00001b2f  TA0_0_IRQHandler                       
00001b2f  TA0_N_IRQHandler                       
00001b2f  TA1_0_IRQHandler                       
00001b2f  TA1_N_IRQHandler                       
00001b2f  TA2_0_IRQHandler                       
00001b2f  TA2_N_IRQHandler                       
00001b2f  TA3_0_IRQHandler                       
00001b2f  TA3_N_IRQHandler                       
00001b2f  UsageFault_Handler                     
00001b2f  WDT_A_IRQHandler                       
00001b31  _system_pre_init                       
00001b35  C$$EXIT                                
00001b35  abort                                  
00001be4  __TI_Handler_Table_Base                
00001bf0  __TI_Handler_Table_Limit               
00001c00  __TI_CINIT_Base                        
00001c18  __TI_CINIT_Limit                       
20000000  g_pfnRAMVectors                        
200000e8  uartConfig                             
2000010c  SystemCoreClock                        
2000fe00  __stack                                
20010000  __STACK_END                            
4000480c  WDTCTL_SYM                             
ffffffff  __TI_pprof_out_hndl                    
ffffffff  __TI_prof_data_size                    
ffffffff  __TI_prof_data_start                   
ffffffff  __binit__                              
ffffffff  __c_args__                             
ffffffff  binit                                  
UNDEFED   __mpu_init                             
UNDEFED   _system_post_cinit                     

[167 symbols]
